// Vitest Snapshot v1, https://vitest.dev/guide/snapshot.html

exports[`REBUILD_UPDATES (pinned data) > is pinned exactly — any edit must update this snapshot deliberately 1`] = `
[
  {
    "date": "2026-08-15 17:00",
    "entries": [
      {
        "text": "The City becomes one chronicle: four chapters in a single scroll, from the Seed to the Game",
        "type": "NEW",
      },
      {
        "text": "The numinia.com canon moves in: its words, its art, its seals — now dressed in Khepri",
        "type": "NEW",
      },
      {
        "text": "A waxing moon marks your reading — finish the chronicle and it turns full",
        "type": "NEW",
      },
      {
        "text": "Old city subpages now lead to their chapters; the merge plan for numinia.com is written",
        "type": "UPD",
      },
    ],
    "version": "v0.20.0",
  },
  {
    "date": "2026-08-15 16:30",
    "entries": [
      {
        "text": "The platform wears Khepri: the Numen Games design system, in Diurno and Nocturno",
        "type": "NEW",
      },
      {
        "text": "Mode toggle (sun/moon), language menu, Phosphor iconography, the typing headline",
        "type": "NEW",
      },
      {
        "text": "Every surface redressed: ink for what acts, amber for what labels, Mono for what measures",
        "type": "UPD",
      },
      {
        "text": "The binary separator now speaks — decode it and find the promise of the house",
        "type": "UPD",
      },
    ],
    "version": "v0.19.0",
  },
  {
    "date": "2026-08-15 14:30",
    "entries": [
      {
        "text": "Progressive identity spike: enter with Google, an email code, a passkey, or your own wallet (MISSION-002 Step 0)",
        "type": "NEW",
      },
      {
        "text": "Sessions are Numinia-issued: the vendor only proves the address; the keys and the trust stay ours",
        "type": "NEW",
      },
      {
        "text": "Guided login: a live 1-2-3 progress bar walks each method, reacting to what you choose",
        "type": "NEW",
      },
      {
        "text": ""Digital ownership, not digital rental" — the data-dignity line debuts at the login (MISSION-005 seed)",
        "type": "NEW",
      },
    ],
    "version": "v0.18.0",
  },
  {
    "date": "2026-08-15 11:45",
    "entries": [
      {
        "text": "Three pillars: La Ciudad (the Numinia narrative), Assets hub, and L.A.P.",
        "type": "NEW",
      },
      {
        "text": "The Archive: every public asset in 5 locales with search and filters",
        "type": "NEW",
      },
      {
        "text": "Gallery: the avatars of the city, collection by collection",
        "type": "NEW",
      },
      {
        "text": "Finder: three-pane collection explorer with batch download",
        "type": "NEW",
      },
      {
        "text": "3D Inspector: local GLB/VRM preview + metadata, fully in-browser",
        "type": "NEW",
      },
      {
        "text": "Resources: the 22 original docs pages rebuilt (en/ja)",
        "type": "NEW",
      },
      {
        "text": "Updates timeline + legal draft pages; version linked in the footer",
        "type": "NEW",
      },
      {
        "text": "Site chrome: header, footer, and a no-JS language selector",
        "type": "NEW",
      },
      {
        "text": "SEO: sitemap, robots.txt, canonical, hreflang, meta/OG on every page",
        "type": "UPD",
      },
      {
        "text": "Link-integrity gate: 8,404 internal links checked on every build",
        "type": "UPD",
      },
    ],
    "version": "v0.17.0",
  },
  {
    "date": "2026-08-14 21:00",
    "entries": [
      {
        "text": "Full platform rebuild: Astro + Turborepo monorepo (code razed, design preserved)",
        "type": "NEW",
      },
      {
        "text": "Domain model regenerated from the seminal corpus (guilds, ranks, seals, assets)",
        "type": "NEW",
      },
      {
        "text": "Quality floor: 100% domain coverage, mutation testing, WCAG gate, bundle budgets",
        "type": "UPD",
      },
      {
        "text": "Hermetic builds from committed catalog snapshots (File Over App)",
        "type": "UPD",
      },
    ],
    "version": "v0.16.0",
  },
]
`;
