// Vitest Snapshot v1, https://vitest.dev/guide/snapshot.html

exports[`REBUILD_UPDATES (pinned data) > is pinned exactly — any edit must update this snapshot deliberately 1`] = `
[
  {
    "date": "2026-08-17 23:29",
    "entries": [
      {
        "text": "El Narrador: the Codex reads itself aloud with your device’s own voice — the sounding paragraph carries a solar rule and the page follows it, at the pace you choose",
        "type": "NEW",
      },
      {
        "text": "Every term knows its way home: the first mention of Velo, Prisma or any glossary word in a chapter now links quietly to its definition",
        "type": "NEW",
      },
      {
        "text": "The reading bar truly travels with you at last — compact while you read, never gone — so the bookmark, the index and the chapter arrows in the footer are always one tap away, and the final paragraph of a chapter can finally be marked",
        "type": "FIX",
      },
    ],
    "missions": [
      "MIS-085",
    ],
    "version": "v0.44.0",
  },
  {
    "date": "2026-08-17 22:06",
    "entries": [
      {
        "text": "The character sheet speaks the manual v0.6.0: gears from zero to five, only the competences of your Guild, Faction and Species awake, your Position sets Umbral and aptitudes — and your character lives on your device and in the files you take, nowhere else",
        "type": "NEW",
      },
      {
        "text": "The Procurators follow the manual: the Legates now keep the law, and the Syndics answer to Mercurials and Intendants",
        "type": "UPD",
      },
    ],
    "missions": [
      "MIS-085",
    ],
    "version": "v0.43.0",
  },
  {
    "date": "2026-08-17 21:36",
    "entries": [
      {
        "text": "The book travels free: the whole manual as a print-ready PDF and a Kindle-ready EPUB, typeset by the same hands that set the web pages — no login, ever",
        "type": "NEW",
      },
    ],
    "missions": [
      "MIS-085",
    ],
    "version": "v0.42.0",
  },
  {
    "date": "2026-08-17 20:30",
    "entries": [
      {
        "text": "The Codex opens: the RPG manual v0.6.0 reads as a printed book — paper grain, engraved corners that draw themselves, its own day and night, a bookmark that remembers your exact paragraph, and a glossary of 79 terms sourced only from the text",
        "type": "NEW",
      },
      {
        "text": "The old manual viewer retires with honors; the Umbral now veils only the reader — the downloads stay open to every traveler",
        "type": "UPD",
      },
    ],
    "missions": [
      "MIS-085",
    ],
    "version": "v0.41.0",
  },
  {
    "date": "2026-08-17 14:35",
    "entries": [
      {
        "text": "The city posts its notice at the gate: a combined Terms and Cookies banner on every page — placeholder words for now, real acceptance already recorded, and the metrics only listen once you have said yes",
        "type": "NEW",
      },
    ],
    "version": "v0.40.0",
  },
  {
    "date": "2026-08-17 09:30",
    "entries": [
      {
        "text": "The Worker finally reads its own secrets: the bundler had frozen the environment to an empty page, so auth answered "not configured" forever — the city now asks workerd directly, and the deploy smoke test will never believe a hollow 401 again",
        "type": "FIX",
      },
    ],
    "version": "v0.39.2",
  },
  {
    "date": "2026-08-17 08:03",
    "entries": [
      {
        "text": "Login follows the gate you entered by: the wallet now signs for the domain in your address bar — numinia.com and numinia.store alike — and unknown hosts are turned away at the door",
        "type": "FIX",
      },
    ],
    "version": "v0.39.1",
  },
  {
    "date": "2026-08-16 07:40",
    "entries": [
      {
        "text": "The L.A.P. tries the middle width: an 85rem centered tool standard, keeping the rhythm of the city — only the admin table keeps the full canvas",
        "type": "UPD",
      },
    ],
    "version": "v0.39.0",
  },
  {
    "date": "2026-08-16 07:10",
    "entries": [
      {
        "text": "Embedded textures truly cross the wall now: fetch of blob resources is governed by connect-src, not img-src — the live probe caught it",
        "type": "FIX",
      },
    ],
    "version": "v0.38.1",
  },
  {
    "date": "2026-08-16 06:55",
    "entries": [
      {
        "text": "The 3D viewer keeps its square: models no longer stretch when the screen narrows",
        "type": "FIX",
      },
      {
        "text": "This timeline now tells the truth: every hour is the sealing commit, in real UTC, and versions carry their mission ids",
        "type": "FIX",
      },
      {
        "text": "Docs healed: dead legacy links replaced, tables dressed in the house style, developer pages tell the current story",
        "type": "FIX",
      },
      {
        "text": "One veil for all the art — the nine images now share the same luminance band",
        "type": "UPD",
      },
      {
        "text": "The login widget wears Khepri in Diurno and Nocturno, and the city chapters ride one scrolling row on phones",
        "type": "UPD",
      },
    ],
    "version": "v0.38.0",
  },
  {
    "date": "2026-08-16 06:12",
    "entries": [
      {
        "text": "The models wear their textures again — the walls learned that embedded textures travel as blobs",
        "type": "FIX",
      },
      {
        "text": "Avatars frame head to toe: the viewer measures each VRM instead of guessing",
        "type": "FIX",
      },
      {
        "text": "The waiting moon cycles through its eight phases wherever the city loads, and music previews wear their notes",
        "type": "NEW",
      },
    ],
    "version": "v0.37.0",
  },
  {
    "date": "2026-08-16 05:52",
    "entries": [
      {
        "text": "The 3D viewer works again on numinia.com — model files now travel through our own door",
        "type": "FIX",
      },
      {
        "text": "Zero sideways scroll across all 138 pages — canvases, code blocks, tables and long names learned to fit",
        "type": "FIX",
      },
      {
        "text": "More of the house motion where it belongs: cards lift on hover everywhere, working buttons show their waiting dots",
        "type": "UPD",
      },
    ],
    "version": "v0.36.0",
  },
  {
    "date": "2026-08-16 05:19",
    "entries": [
      {
        "text": "The city reads your preferences: a dark system gets Nocturno, your browser language finds its door on first visit — and your own choice always wins",
        "type": "NEW",
      },
    ],
    "missions": [
      "MISSION-029",
    ],
    "version": "v0.35.0",
  },
  {
    "date": "2026-08-16 05:00",
    "entries": [
      {
        "text": "The city watches itself: structured Worker logs, a browser error beacon, and an hourly night watch that raises its own alarm",
        "type": "NEW",
      },
      {
        "text": "The walls go up: CSP and security headers on every response, a rate-limiting doorman on the sensitive doors",
        "type": "NEW",
      },
      {
        "text": "Session secrets rotate gracefully — old sessions live out their hour while new ones sign fresh",
        "type": "NEW",
      },
    ],
    "missions": [
      "MISSION-021",
      "MISSION-028",
    ],
    "version": "v0.34.0",
  },
  {
    "date": "2026-08-16 04:07",
    "entries": [
      {
        "text": "The Archive loses four fifths of its weight: baked 480px thumbnails replace full-size originals (2.4MB → 468KB)",
        "type": "UPD",
      },
      {
        "text": "A performance gate joins the walls: page-weight budgets, zero-JS promises and layout stability, pinned per page",
        "type": "NEW",
      },
      {
        "text": "The 3D islands announce their hydration — no interaction falls into the void again",
        "type": "FIX",
      },
    ],
    "missions": [
      "MISSION-017",
      "MISSION-018",
    ],
    "version": "v0.33.0",
  },
  {
    "date": "2026-08-15 23:28",
    "entries": [
      {
        "text": "The census desk opens in the management zone: look a wallet up, grant a rank, watch it enter history",
        "type": "NEW",
      },
      {
        "text": "Attestations: the city can now issue signed statements the citizen keeps — seals, ranks, thresholds",
        "type": "NEW",
      },
      {
        "text": "Mutation testing hardened the new cores: state 81%→98%, attestations 98.5%, every gap killed by a test",
        "type": "UPD",
      },
    ],
    "missions": [
      "MISSION-016",
    ],
    "version": "v0.32.0",
  },
  {
    "date": "2026-08-15 23:09",
    "entries": [
      {
        "text": "The census arrives (ADR-018): ranks the city grants are remembered, and your session carries them from login",
        "type": "NEW",
      },
      {
        "text": "Rank management API for Archons and Oracles — every grant is an audited commit; no census can mint an Oracle",
        "type": "NEW",
      },
    ],
    "missions": [
      "MISSION-015",
      "MISSION-016",
      "ADR-018",
    ],
    "version": "v0.31.0",
  },
  {
    "date": "2026-08-15 22:40",
    "entries": [
      {
        "text": "The chrome learns to travel light: on phones it takes two tight rows, a third less screen before the city appears",
        "type": "UPD",
      },
    ],
    "missions": [
      "MISSION-014",
    ],
    "version": "v0.30.0",
  },
  {
    "date": "2026-08-15 22:27",
    "entries": [
      {
        "text": "The character sheet exports to PDF: the print dialog hands you the file, clean sheet only",
        "type": "NEW",
      },
      {
        "text": "Prestige and Prisma probes on the sheet, like the old citizen view",
        "type": "NEW",
      },
    ],
    "missions": [
      "MISSION-013",
    ],
    "version": "v0.29.0",
  },
  {
    "date": "2026-08-15 22:18",
    "entries": [
      {
        "text": "Portals of Numinia: the city map with its 14 open worlds around the Agora Plaza, from the domain model",
        "type": "NEW",
      },
      {
        "text": "Portal constants join the domain: 13 district worlds + the hub, five locales, 100% covered",
        "type": "NEW",
      },
      {
        "text": "The L.A.P. mobile rail reads honestly: per-side fades only where content hides, items snap into place",
        "type": "UPD",
      },
    ],
    "missions": [
      "MISSION-012",
    ],
    "version": "v0.28.0",
  },
  {
    "date": "2026-08-15 18:15",
    "entries": [
      {
        "text": "The management zone opens for Oracles: the whole archive in one table, sortable and searchable",
        "type": "NEW",
      },
      {
        "text": "The player area now fills the screen, edge to edge, like the tool it is",
        "type": "UPD",
      },
      {
        "text": "One iconography everywhere — the citizenship card speaks the same language as the rest",
        "type": "UPD",
      },
    ],
    "missions": [
      "MISSION-011",
    ],
    "version": "v0.27.0",
  },
  {
    "date": "2026-08-15 17:45",
    "entries": [
      {
        "text": "The player area looks like one: your citizenship card, the scarab in pixels, seals and prisma at a glance",
        "type": "UPD",
      },
      {
        "text": "The door is always in sight — enter Numinia from any page of the city",
        "type": "UPD",
      },
    ],
    "version": "v0.26.0",
  },
  {
    "date": "2026-08-15 17:35",
    "entries": [
      {
        "text": "Settings: appearance, language, which panel sections you keep, and what your rank grants",
        "type": "NEW",
      },
      {
        "text": "Enter Numinia from the L.A.P.: Google, email, passkey or your own wallet — never a wall",
        "type": "NEW",
      },
      {
        "text": "Your preferences live in this browser; your sheet lives in your file. Nothing on our servers",
        "type": "UPD",
      },
    ],
    "missions": [
      "MISSION-010",
      "MISSION-002",
    ],
    "version": "v0.25.0",
  },
  {
    "date": "2026-08-15 17:10",
    "entries": [
      {
        "text": "The Manual opens in the Codex: the founding role-playing text, chapter by chapter",
        "type": "NEW",
      },
      {
        "text": "Archive statistics: what exists, where it lives, and how much of it is kept twice",
        "type": "NEW",
      },
      {
        "text": "Verified on Chromium and Firefox at phone, tablet and desktop — and readable with JavaScript off",
        "type": "UPD",
      },
    ],
    "missions": [
      "MISSION-009",
    ],
    "version": "v0.24.0",
  },
  {
    "date": "2026-08-15 16:15",
    "entries": [
      {
        "text": "The L.A.P. sidebar folds to an icon rail — every section wears its Phosphor glyph",
        "type": "UPD",
      },
    ],
    "version": "v0.23.0",
  },
  {
    "date": "2026-08-15 15:55",
    "entries": [
      {
        "text": "The L.A.P. becomes a platform: sidebar, character sheet, codex — open to every Nomad",
        "type": "NEW",
      },
      {
        "text": "Your character sheet is a file you own: edit it, export it as Markdown, bring it back",
        "type": "NEW",
      },
      {
        "text": "The Codex: every species, guild, faction, district, archetype and humor the city records",
        "type": "NEW",
      },
      {
        "text": "Dice at the table: a stat of N rolls N six-sided dice, results in plain sight",
        "type": "NEW",
      },
    ],
    "missions": [
      "MISSION-008",
    ],
    "version": "v0.22.0",
  },
  {
    "date": "2026-08-15 14:52",
    "entries": [
      {
        "text": "The scarab signs the page: Khepri closes every footer, as the house rule commands",
        "type": "UPD",
      },
      {
        "text": "The city sheds its duplicate wordmark; grids across the site now reveal as you arrive",
        "type": "UPD",
      },
    ],
    "version": "v0.21.0",
  },
  {
    "date": "2026-08-15 14:39",
    "entries": [
      {
        "text": "The City becomes one chronicle: four chapters in a single scroll, from the Seed to the Game",
        "type": "NEW",
      },
      {
        "text": "The numinia.com canon moves in: its words, its art, its seals — now dressed in Khepri",
        "type": "NEW",
      },
      {
        "text": "A waxing moon marks your reading — finish the chronicle and it turns full",
        "type": "NEW",
      },
      {
        "text": "Old city subpages now lead to their chapters; the merge plan for numinia.com is written",
        "type": "UPD",
      },
    ],
    "missions": [
      "MISSION-007",
    ],
    "version": "v0.20.0",
  },
  {
    "date": "2026-08-15 14:13",
    "entries": [
      {
        "text": "The platform wears Khepri: the Numen Games design system, in Diurno and Nocturno",
        "type": "NEW",
      },
      {
        "text": "Mode toggle (sun/moon), language menu, Phosphor iconography, the typing headline",
        "type": "NEW",
      },
      {
        "text": "Every surface redressed: ink for what acts, amber for what labels, Mono for what measures",
        "type": "UPD",
      },
      {
        "text": "The binary separator now speaks — decode it and find the promise of the house",
        "type": "UPD",
      },
    ],
    "missions": [
      "MISSION-006",
    ],
    "version": "v0.19.0",
  },
  {
    "date": "2026-08-15 12:15",
    "entries": [
      {
        "text": "Progressive identity spike: enter with Google, an email code, a passkey, or your own wallet (MISSION-002 Step 0)",
        "type": "NEW",
      },
      {
        "text": "Sessions are Numinia-issued: the vendor only proves the address; the keys and the trust stay ours",
        "type": "NEW",
      },
      {
        "text": "Guided login: a live 1-2-3 progress bar walks each method, reacting to what you choose",
        "type": "NEW",
      },
      {
        "text": ""Digital ownership, not digital rental" — the data-dignity line debuts at the login (MISSION-005 seed)",
        "type": "NEW",
      },
    ],
    "missions": [
      "MISSION-002",
    ],
    "version": "v0.18.0",
  },
  {
    "date": "2026-08-15 08:48",
    "entries": [
      {
        "text": "Three pillars: La Ciudad (the Numinia narrative), Assets hub, and L.A.P.",
        "type": "NEW",
      },
      {
        "text": "The Archive: every public asset in 5 locales with search and filters",
        "type": "NEW",
      },
      {
        "text": "Gallery: the avatars of the city, collection by collection",
        "type": "NEW",
      },
      {
        "text": "Finder: three-pane collection explorer with batch download",
        "type": "NEW",
      },
      {
        "text": "3D Inspector: local GLB/VRM preview + metadata, fully in-browser",
        "type": "NEW",
      },
      {
        "text": "Resources: the 22 original docs pages rebuilt (en/ja)",
        "type": "NEW",
      },
      {
        "text": "Updates timeline + legal draft pages; version linked in the footer",
        "type": "NEW",
      },
      {
        "text": "Site chrome: header, footer, and a no-JS language selector",
        "type": "NEW",
      },
      {
        "text": "SEO: sitemap, robots.txt, canonical, hreflang, meta/OG on every page",
        "type": "UPD",
      },
      {
        "text": "Link-integrity gate: 8,404 internal links checked on every build",
        "type": "UPD",
      },
    ],
    "missions": [
      "MISSION-001",
      "MISSION-003",
      "MISSION-004",
    ],
    "version": "v0.17.0",
  },
  {
    "date": "2026-08-14 20:08",
    "entries": [
      {
        "text": "Full platform rebuild: Astro + Turborepo monorepo (code razed, design preserved)",
        "type": "NEW",
      },
      {
        "text": "Domain model regenerated from the seminal corpus (guilds, ranks, seals, assets)",
        "type": "NEW",
      },
      {
        "text": "Quality floor: 100% domain coverage, mutation testing, WCAG gate, bundle budgets",
        "type": "UPD",
      },
      {
        "text": "Hermetic builds from committed catalog snapshots (File Over App)",
        "type": "UPD",
      },
    ],
    "missions": [
      "MISSION-000",
    ],
    "version": "v0.16.0",
  },
]
`;
